// Jest Snapshot v1, https://goo.gl/fbAQLP

exports[`<Tool /> should render correctly 1`] = `
.c0 {
  display: -webkit-box;
  display: -webkit-flex;
  display: -ms-flexbox;
  display: flex;
  -webkit-align-items: center;
  -webkit-box-align: center;
  -ms-flex-align: center;
  align-items: center;
  gap: 1rem;
}

.c1 {
  width: 8px;
  height: 8px;
  border-radius: 50%;
  background-color: #2D79C7;
}

.c2 {
  font-size: 1.6rem;
  color: var(--text);
}

<div
  class="c0"
>
  <div
    class="c1"
    color="#2D79C7"
  />
  <span
    class="c2"
  >
    TypeScript
  </span>
</div>
`;
