// Jest Snapshot v1, https://goo.gl/fbAQLP

exports[`<SectionTitle /> should render correctly 1`] = `
.c0 {
  font-size: 2.4rem;
  line-height: 3rem;
  color: #EDEDEF;
  font-weight: 600;
}

<h2
  class="c0"
>
  SectionTitle
</h2>
`;
