// Jest Snapshot v1, https://goo.gl/fbAQLP

exports[`<ThemeSwitcher /> should render correctly 1`] = `
.c0 {
  border-radius: 0.4rem;
  background: #2D2D2F;
  display: -webkit-box;
  display: -webkit-flex;
  display: -ms-flexbox;
  display: flex;
  padding: 5px;
  gap: 5px;
}

.c1 {
  width: 3.5rem;
  height: 3.5rem;
  padding: 5px;
  cursor: pointer;
  display: -webkit-box;
  display: -webkit-flex;
  display: -ms-flexbox;
  display: flex;
  -webkit-box-pack: center;
  -webkit-justify-content: center;
  -ms-flex-pack: center;
  justify-content: center;
  -webkit-align-items: center;
  -webkit-box-align: center;
  -ms-flex-align: center;
  align-items: center;
  border-radius: 0.4rem;
  background: #2D2D2F;
  -webkit-transition: background-color 0.1s ease-in-out;
  transition: background-color 0.1s ease-in-out;
}

.c1:hover {
  background: #1C1C1C;
}

.c2 {
  width: 3.5rem;
  height: 3.5rem;
  padding: 5px;
  cursor: pointer;
  display: -webkit-box;
  display: -webkit-flex;
  display: -ms-flexbox;
  display: flex;
  -webkit-box-pack: center;
  -webkit-justify-content: center;
  -ms-flex-pack: center;
  justify-content: center;
  -webkit-align-items: center;
  -webkit-box-align: center;
  -ms-flex-align: center;
  align-items: center;
  border-radius: 0.4rem;
  background: #2D2D2F;
  -webkit-transition: background-color 0.1s ease-in-out;
  transition: background-color 0.1s ease-in-out;
  background: #504F57;
}

.c2:hover {
  background: #1C1C1C;
}

<div
  class="c0"
>
  <div
    class="c1"
  >
    <svg
      color="#EDEDEF"
      fill="currentColor"
      height="15"
      stroke="currentColor"
      stroke-width="0"
      style="color: rgb(237, 237, 239);"
      viewBox="0 0 24 24"
      width="15"
      xmlns="http://www.w3.org/2000/svg"
    >
      <g>
        <path
          d="M0 0h24v24H0z"
          fill="none"
        />
        <path
          d="M12 18a6 6 0 1 1 0-12 6 6 0 0 1 0 12zm0-2a4 4 0 1 0 0-8 4 4 0 0 0 0 8zM11 1h2v3h-2V1zm0 19h2v3h-2v-3zM3.515 4.929l1.414-1.414L7.05 5.636 5.636 7.05 3.515 4.93zM16.95 18.364l1.414-1.414 2.121 2.121-1.414 1.414-2.121-2.121zm2.121-14.85l1.414 1.415-2.121 2.121-1.414-1.414 2.121-2.121zM5.636 16.95l1.414 1.414-2.121 2.121-1.414-1.414 2.121-2.121zM23 11v2h-3v-2h3zM4 11v2H1v-2h3z"
          fill-rule="nonzero"
        />
      </g>
    </svg>
  </div>
  <div
    class="c2"
  >
    <svg
      color="#EDEDEF"
      fill="currentColor"
      height="15"
      stroke="currentColor"
      stroke-width="0"
      style="color: rgb(237, 237, 239);"
      viewBox="0 0 24 24"
      width="15"
      xmlns="http://www.w3.org/2000/svg"
    >
      <g>
        <path
          d="M0 0h24v24H0z"
          fill="none"
        />
        <path
          d="M10 7a7 7 0 0 0 12 4.9v.1c0 5.523-4.477 10-10 10S2 17.523 2 12 6.477 2 12 2h.1A6.979 6.979 0 0 0 10 7zm-6 5a8 8 0 0 0 15.062 3.762A9 9 0 0 1 8.238 4.938 7.999 7.999 0 0 0 4 12z"
          fill-rule="nonzero"
        />
      </g>
    </svg>
  </div>
</div>
`;
