// Jest Snapshot v1, https://goo.gl/fbAQLP

exports[`<Contact /> should render title and contact button 1`] = `
.c2 {
  width: -webkit-fit-content;
  width: -moz-fit-content;
  width: fit-content;
  font-size: 1.6rem;
  line-height: 2.4rem;
  color: #EDEDEF;
  background-color: #107BEB;
  border-radius: 0.4rem;
  padding: 1rem 4rem;
  display: -webkit-box;
  display: -webkit-flex;
  display: -ms-flexbox;
  display: flex;
  -webkit-align-items: center;
  -webkit-box-align: center;
  -ms-flex-align: center;
  align-items: center;
  -webkit-box-pack: center;
  -webkit-justify-content: center;
  -ms-flex-pack: center;
  justify-content: center;
  border: none;
  cursor: pointer;
  -webkit-text-decoration: none;
  text-decoration: none;
}

.c1 {
  font-size: 2.4rem;
  line-height: 3rem;
  color: #EDEDEF;
  font-weight: 600;
}

.c0 {
  display: -webkit-box;
  display: -webkit-flex;
  display: -ms-flexbox;
  display: flex;
  -webkit-flex-direction: column;
  -ms-flex-direction: column;
  flex-direction: column;
  gap: 2rem;
}

<section
  class="c0"
  spacing="2rem"
>
  <h2
    class="c1"
  >
    Do you like what you see?
  </h2>
  <a
    class="c2"
    href="mailto:douglaspigoulart@gmail.com"
  >
    Send me a message
  </a>
</section>
`;
