// Jest Snapshot v1, https://goo.gl/fbAQLP

exports[`<Stack /> should render correctly 1`] = `
.c0 {
  display: -webkit-box;
  display: -webkit-flex;
  display: -ms-flexbox;
  display: flex;
  -webkit-flex-direction: column;
  -ms-flex-direction: column;
  flex-direction: column;
  gap: 10px;
}

<div
  class="c0"
  spacing="10px"
>
  <div>
    Item 1
  </div>
  <div>
    Item 2
  </div>
  <div>
    Item 3
  </div>
</div>
`;
