// Jest Snapshot v1, https://goo.gl/fbAQLP

exports[`<SmallText /> should render correctly 1`] = `
.c0 {
  font-size: 1.4rem;
  line-height: 1.4rem;
  color: #888888;
  margin-top: 2px;
}

<small
  class="c0"
>
  This is a small text
</small>
`;
